render pod annotations:
  1: |
    checksum/config: 825dc67e020a515fa22aba1f860dcdb52e36f4b9af997b66e66f2f427f25cbd0
    fixed-annotation: some-fixed-annotation
    templated-annotations: my-release
